# src|dest
C:\Users\33077\.cursor\projects\c-Users-33077-Downloads-caisedi-main-caisedi-main\assets\c__Users_33077_AppData_Roaming_Cursor_User_workspaceStorage_65af83874e50022f51db26844d069a55_images_JMY01353-fab83f8b-919b-4981-893b-cf9110f6a477.png|C:\Users\33077\Downloads\caisedi-main\caisedi-main\app\public\stores\conghua-jinhui-2026\01-storefront.jpg
C:\Users\33077\.cursor\projects\c-Users-33077-Downloads-caisedi-main-caisedi-main\assets\c__Users_33077_AppData_Roaming_Cursor_User_workspaceStorage_65af83874e50022f51db26844d069a55_images_JMY01000-572cf0c6-df3e-44b6-a66d-da72ceb5b56d.png|C:\Users\33077\Downloads\caisedi-main\caisedi-main\app\public\stores\conghua-jinhui-2026\02-interior-display.jpg
C:\Users\33077\.cursor\projects\c-Users-33077-Downloads-caisedi-main-caisedi-main\assets\c__Users_33077_AppData_Roaming_Cursor_User_workspaceStorage_65af83874e50022f51db26844d069a55_images_JMY01082-7535ea7f-62b3-45ba-a9f3-e750dffce2f2.png|C:\Users\33077\Downloads\caisedi-main\caisedi-main\app\public\stores\conghua-jinhui-2026\03-ribbon-cutting.jpg
C:\Users\33077\.cursor\projects\c-Users-33077-Downloads-caisedi-main-caisedi-main\assets\c__Users_33077_AppData_Roaming_Cursor_User_workspaceStorage_65af83874e50022f51db26844d069a55_images_JMY01195-f9e981f9-ddfa-47d7-be1e-f006e4dae999.png|C:\Users\33077\Downloads\caisedi-main\caisedi-main\app\public\stores\conghua-jinhui-2026\04-lion-dance.jpg
C:\Users\33077\.cursor\projects\c-Users-33077-Downloads-caisedi-main-caisedi-main\assets\c__Users_33077_AppData_Roaming_Cursor_User_workspaceStorage_65af83874e50022f51db26844d069a55_images_JMY01292-518b48ac-122d-484e-b336-06286096c9e2.png|C:\Users\33077\Downloads\caisedi-main\caisedi-main\app\public\stores\conghua-jinhui-2026\05-lion-dance-crowd.jpg
C:\Users\33077\.cursor\projects\c-Users-33077-Downloads-caisedi-main-caisedi-main\assets\c__Users_33077_AppData_Roaming_Cursor_User_workspaceStorage_65af83874e50022f51db26844d069a55_images_JMY01308-31dc704b-26a9-42cf-b67f-691cf220647e.png|C:\Users\33077\Downloads\caisedi-main\caisedi-main\app\public\stores\conghua-jinhui-2026\06-opening-celebration.jpg
