# src|dest
C:\Users\33077\.cursor\projects\c-Users-33077-Downloads-caisedi-main-caisedi-main\assets\c__Users_33077_AppData_Roaming_Cursor_User_workspaceStorage_65af83874e50022f51db26844d069a55_images______20251219164641_21_460-d1afc403-11f6-4afc-b0b3-9f9247fbd1c2.png|C:\Users\33077\Downloads\caisedi-main\caisedi-main\app\public\stores\shaoyang-youa-2025\01-storefront.jpg
C:\Users\33077\.cursor\projects\c-Users-33077-Downloads-caisedi-main-caisedi-main\assets\c__Users_33077_AppData_Roaming_Cursor_User_workspaceStorage_65af83874e50022f51db26844d069a55_images______20251219112310_158_153-f0887432-2e2c-406c-822f-203822eb808b.png|C:\Users\33077\Downloads\caisedi-main\caisedi-main\app\public\stores\shaoyang-youa-2025\02-opening-decor.jpg
C:\Users\33077\.cursor\projects\c-Users-33077-Downloads-caisedi-main-caisedi-main\assets\c__Users_33077_AppData_Roaming_Cursor_User_workspaceStorage_65af83874e50022f51db26844d069a55_images______20251219164808_26_460-d0a4fc82-776f-4bee-8038-d90c86bf88fa.png|C:\Users\33077\Downloads\caisedi-main\caisedi-main\app\public\stores\shaoyang-youa-2025\03-brand-display.jpg
C:\Users\33077\.cursor\projects\c-Users-33077-Downloads-caisedi-main-caisedi-main\assets\c__Users_33077_AppData_Roaming_Cursor_User_workspaceStorage_65af83874e50022f51db26844d069a55_images______20251219112319_167_153-145d6e33-59d1-41bb-955d-a43f2d84b5e7.png|C:\Users\33077\Downloads\caisedi-main\caisedi-main\app\public\stores\shaoyang-youa-2025\04-wall-display.jpg
C:\Users\33077\.cursor\projects\c-Users-33077-Downloads-caisedi-main-caisedi-main\assets\c__Users_33077_AppData_Roaming_Cursor_User_workspaceStorage_65af83874e50022f51db26844d069a55_images______20251219112322_171_153-d9ddd3e8-5456-463e-9438-5bedf87e9a37.png|C:\Users\33077\Downloads\caisedi-main\caisedi-main\app\public\stores\shaoyang-youa-2025\05-interior-rack.jpg
